Archive member included to satisfy reference by file (symbol)

.pio\build\bluepill_f103c8\libFrameworkLibOpenCM3.a(gpio.o)
                              .pio\build\bluepill_f103c8\src\main.o (gpio_set_mode)
.pio\build\bluepill_f103c8\libFrameworkLibOpenCM3.a(gpio_common_all.o)
                              .pio\build\bluepill_f103c8\src\main.o (gpio_toggle)
.pio\build\bluepill_f103c8\libFrameworkLibOpenCM3.a(rcc_common_all.o)
                              .pio\build\bluepill_f103c8\src\main.o (rcc_periph_clock_enable)
.pio\build\bluepill_f103c8\libFrameworkLibOpenCM3.a(vector.o)
                              (reset_handler)

Discarded input sections

 .text          0x00000000        0x0 .pio\build\bluepill_f103c8\src\main.o
 .data          0x00000000        0x0 .pio\build\bluepill_f103c8\src\main.o
 .bss           0x00000000        0x0 .pio\build\bluepill_f103c8\src\main.o
 .text          0x00000000        0x0 .pio\build\bluepill_f103c8\libFrameworkLibOpenCM3.a(gpio.o)
 .data          0x00000000        0x0 .pio\build\bluepill_f103c8\libFrameworkLibOpenCM3.a(gpio.o)
 .bss           0x00000000        0x0 .pio\build\bluepill_f103c8\libFrameworkLibOpenCM3.a(gpio.o)
 .text.gpio_set_eventout
                0x00000000       0x10 .pio\build\bluepill_f103c8\libFrameworkLibOpenCM3.a(gpio.o)
 .text.gpio_primary_remap
                0x00000000       0x14 .pio\build\bluepill_f103c8\libFrameworkLibOpenCM3.a(gpio.o)
 .text.gpio_secondary_remap
                0x00000000       0x10 .pio\build\bluepill_f103c8\libFrameworkLibOpenCM3.a(gpio.o)
 .text          0x00000000        0x0 .pio\build\bluepill_f103c8\libFrameworkLibOpenCM3.a(gpio_common_all.o)
 .data          0x00000000        0x0 .pio\build\bluepill_f103c8\libFrameworkLibOpenCM3.a(gpio_common_all.o)
 .bss           0x00000000        0x0 .pio\build\bluepill_f103c8\libFrameworkLibOpenCM3.a(gpio_common_all.o)
 .text.gpio_set
                0x00000000        0x4 .pio\build\bluepill_f103c8\libFrameworkLibOpenCM3.a(gpio_common_all.o)
 .text.gpio_clear
                0x00000000        0x6 .pio\build\bluepill_f103c8\libFrameworkLibOpenCM3.a(gpio_common_all.o)
 .text.gpio_get
                0x00000000        0x6 .pio\build\bluepill_f103c8\libFrameworkLibOpenCM3.a(gpio_common_all.o)
 .text.gpio_port_read
                0x00000000        0x6 .pio\build\bluepill_f103c8\libFrameworkLibOpenCM3.a(gpio_common_all.o)
 .text.gpio_port_write
                0x00000000        0x4 .pio\build\bluepill_f103c8\libFrameworkLibOpenCM3.a(gpio_common_all.o)
 .text.gpio_port_config_lock
                0x00000000       0x10 .pio\build\bluepill_f103c8\libFrameworkLibOpenCM3.a(gpio_common_all.o)
 .text          0x00000000        0x0 .pio\build\bluepill_f103c8\libFrameworkLibOpenCM3.a(rcc_common_all.o)
 .data          0x00000000        0x0 .pio\build\bluepill_f103c8\libFrameworkLibOpenCM3.a(rcc_common_all.o)
 .bss           0x00000000        0x0 .pio\build\bluepill_f103c8\libFrameworkLibOpenCM3.a(rcc_common_all.o)
 .text.rcc_peripheral_enable_clock
                0x00000000        0x8 .pio\build\bluepill_f103c8\libFrameworkLibOpenCM3.a(rcc_common_all.o)
 .text.rcc_peripheral_disable_clock
                0x00000000        0xa .pio\build\bluepill_f103c8\libFrameworkLibOpenCM3.a(rcc_common_all.o)
 .text.rcc_peripheral_reset
                0x00000000        0x8 .pio\build\bluepill_f103c8\libFrameworkLibOpenCM3.a(rcc_common_all.o)
 .text.rcc_peripheral_clear_reset
                0x00000000        0xa .pio\build\bluepill_f103c8\libFrameworkLibOpenCM3.a(rcc_common_all.o)
 .text.rcc_periph_clock_disable
                0x00000000       0x1e .pio\build\bluepill_f103c8\libFrameworkLibOpenCM3.a(rcc_common_all.o)
 .text.rcc_periph_reset_pulse
                0x00000000       0x22 .pio\build\bluepill_f103c8\libFrameworkLibOpenCM3.a(rcc_common_all.o)
 .text.rcc_periph_reset_hold
                0x00000000       0x1a .pio\build\bluepill_f103c8\libFrameworkLibOpenCM3.a(rcc_common_all.o)
 .text.rcc_periph_reset_release
                0x00000000       0x1e .pio\build\bluepill_f103c8\libFrameworkLibOpenCM3.a(rcc_common_all.o)
 .text.rcc_set_mco
                0x00000000       0x14 .pio\build\bluepill_f103c8\libFrameworkLibOpenCM3.a(rcc_common_all.o)
 .text.rcc_osc_bypass_enable
                0x00000000       0x28 .pio\build\bluepill_f103c8\libFrameworkLibOpenCM3.a(rcc_common_all.o)
 .text.rcc_osc_bypass_disable
                0x00000000       0x28 .pio\build\bluepill_f103c8\libFrameworkLibOpenCM3.a(rcc_common_all.o)
 .text.rcc_get_div_from_hpre
                0x00000000       0x1c .pio\build\bluepill_f103c8\libFrameworkLibOpenCM3.a(rcc_common_all.o)
 .text          0x00000000        0x0 .pio\build\bluepill_f103c8\libFrameworkLibOpenCM3.a(vector.o)
 .data          0x00000000        0x0 .pio\build\bluepill_f103c8\libFrameworkLibOpenCM3.a(vector.o)
 .bss           0x00000000        0x0 .pio\build\bluepill_f103c8\libFrameworkLibOpenCM3.a(vector.o)

Memory Configuration

Name             Origin             Length             Attributes
ram              0x20000000         0x00005000         xrw
rom              0x08000000         0x00010000         xr
*default*        0x00000000         0xffffffff

Linker script and memory map

LOAD .pio\build\bluepill_f103c8\src\main.o
START GROUP
LOAD c:/users/folar/.platformio/packages/toolchain-gccarmnoneeabi/bin/../lib/gcc/arm-none-eabi/7.2.1/../../../../arm-none-eabi/lib/thumb/v7-m\libc_nano.a
LOAD c:/users/folar/.platformio/packages/toolchain-gccarmnoneeabi/bin/../lib/gcc/arm-none-eabi/7.2.1/thumb/v7-m\libgcc.a
LOAD c:/users/folar/.platformio/packages/toolchain-gccarmnoneeabi/bin/../lib/gcc/arm-none-eabi/7.2.1/../../../../arm-none-eabi/lib/thumb/v7-m\libm.a
LOAD c:/users/folar/.platformio/packages/toolchain-gccarmnoneeabi/bin/../lib/gcc/arm-none-eabi/7.2.1/../../../../arm-none-eabi/lib/thumb/v7-m\libstdc++_nano.a
LOAD c:/users/folar/.platformio/packages/toolchain-gccarmnoneeabi/bin/../lib/gcc/arm-none-eabi/7.2.1/../../../../arm-none-eabi/lib/thumb/v7-m\libnosys.a
LOAD .pio\build\bluepill_f103c8\libFrameworkLibOpenCM3.a
END GROUP
START GROUP
LOAD c:/users/folar/.platformio/packages/toolchain-gccarmnoneeabi/bin/../lib/gcc/arm-none-eabi/7.2.1/thumb/v7-m\libgcc.a
LOAD c:/users/folar/.platformio/packages/toolchain-gccarmnoneeabi/bin/../lib/gcc/arm-none-eabi/7.2.1/../../../../arm-none-eabi/lib/thumb/v7-m\libc_nano.a
END GROUP
START GROUP
LOAD c:/users/folar/.platformio/packages/toolchain-gccarmnoneeabi/bin/../lib/gcc/arm-none-eabi/7.2.1/thumb/v7-m\libgcc.a
LOAD c:/users/folar/.platformio/packages/toolchain-gccarmnoneeabi/bin/../lib/gcc/arm-none-eabi/7.2.1/../../../../arm-none-eabi/lib/thumb/v7-m\libc_nano.a
LOAD c:/users/folar/.platformio/packages/toolchain-gccarmnoneeabi/bin/../lib/gcc/arm-none-eabi/7.2.1/../../../../arm-none-eabi/lib/thumb/v7-m\libnosys.a
END GROUP
START GROUP
LOAD c:/users/folar/.platformio/packages/toolchain-gccarmnoneeabi/bin/../lib/gcc/arm-none-eabi/7.2.1/thumb/v7-m\libgcc.a
LOAD c:/users/folar/.platformio/packages/toolchain-gccarmnoneeabi/bin/../lib/gcc/arm-none-eabi/7.2.1/../../../../arm-none-eabi/lib/thumb/v7-m\libc_nano.a
LOAD c:/users/folar/.platformio/packages/toolchain-gccarmnoneeabi/bin/../lib/gcc/arm-none-eabi/7.2.1/../../../../arm-none-eabi/lib/thumb/v7-m\libnosys.a
END GROUP

.text           0x08000000      0x2b0
 *(.vectors)
 .vectors       0x08000000      0x150 .pio\build\bluepill_f103c8\libFrameworkLibOpenCM3.a(vector.o)
                0x08000000                vector_table
 *(.text*)
 .text.startup.main
                0x08000150       0x38 .pio\build\bluepill_f103c8\src\main.o
                0x08000150                main
 .text.gpio_set_mode
                0x08000188       0x62 .pio\build\bluepill_f103c8\libFrameworkLibOpenCM3.a(gpio.o)
                0x08000188                gpio_set_mode
 .text.gpio_toggle
                0x080001ea       0x12 .pio\build\bluepill_f103c8\libFrameworkLibOpenCM3.a(gpio_common_all.o)
                0x080001ea                gpio_toggle
 .text.rcc_periph_clock_enable
                0x080001fc       0x1a .pio\build\bluepill_f103c8\libFrameworkLibOpenCM3.a(rcc_common_all.o)
                0x080001fc                rcc_periph_clock_enable
 .text.blocking_handler
                0x08000216        0x2 .pio\build\bluepill_f103c8\libFrameworkLibOpenCM3.a(vector.o)
                0x08000216                usart3_isr
                0x08000216                rtc_isr
                0x08000216                tim7_isr
                0x08000216                adc1_2_isr
                0x08000216                tim1_trg_com_isr
                0x08000216                usb_hp_can_tx_isr
                0x08000216                tim6_isr
                0x08000216                usb_wakeup_isr
                0x08000216                blocking_handler
                0x08000216                tim5_isr
                0x08000216                otg_fs_isr
                0x08000216                spi1_isr
                0x08000216                exti2_isr
                0x08000216                dma1_channel6_isr
                0x08000216                can_rx1_isr
                0x08000216                dma1_channel5_isr
                0x08000216                dma2_channel5_isr
                0x08000216                usart1_isr
                0x08000216                usage_fault_handler
                0x08000216                tim8_trg_com_isr
                0x08000216                can2_rx0_isr
                0x08000216                tim1_brk_isr
                0x08000216                can2_rx1_isr
                0x08000216                tim1_cc_isr
                0x08000216                sdio_isr
                0x08000216                eth_isr
                0x08000216                dma1_channel4_isr
                0x08000216                tim8_brk_isr
                0x08000216                dma2_channel4_5_isr
                0x08000216                pvd_isr
                0x08000216                rcc_isr
                0x08000216                flash_isr
                0x08000216                uart4_isr
                0x08000216                rtc_alarm_isr
                0x08000216                exti15_10_isr
                0x08000216                hard_fault_handler
                0x08000216                exti1_isr
                0x08000216                i2c1_ev_isr
                0x08000216                dma2_channel1_isr
                0x08000216                spi2_isr
                0x08000216                tim8_up_isr
                0x08000216                dma2_channel2_isr
                0x08000216                exti3_isr
                0x08000216                adc3_isr
                0x08000216                tim3_isr
                0x08000216                usart2_isr
                0x08000216                usb_lp_can_rx0_isr
                0x08000216                i2c2_er_isr
                0x08000216                i2c2_ev_isr
                0x08000216                uart5_isr
                0x08000216                fsmc_isr
                0x08000216                dma1_channel1_isr
                0x08000216                exti4_isr
                0x08000216                mem_manage_handler
                0x08000216                can2_tx_isr
                0x08000216                exti9_5_isr
                0x08000216                dma2_channel3_isr
                0x08000216                dma1_channel7_isr
                0x08000216                tim1_up_isr
                0x08000216                can2_sce_isr
                0x08000216                tim4_isr
                0x08000216                dma1_channel2_isr
                0x08000216                i2c1_er_isr
                0x08000216                can_sce_isr
                0x08000216                tim8_cc_isr
                0x08000216                tamper_isr
                0x08000216                eth_wkup_isr
                0x08000216                bus_fault_handler
                0x08000216                wwdg_isr
                0x08000216                dma1_channel3_isr
                0x08000216                spi3_isr
                0x08000216                tim2_isr
                0x08000216                exti0_isr
 .text.null_handler
                0x08000218        0x2 .pio\build\bluepill_f103c8\libFrameworkLibOpenCM3.a(vector.o)
                0x08000218                sv_call_handler
                0x08000218                pend_sv_handler
                0x08000218                debug_monitor_handler
                0x08000218                sys_tick_handler
                0x08000218                nmi_handler
                0x08000218                null_handler
 *fill*         0x0800021a        0x2 
 .text.reset_handler
                0x0800021c       0x94 .pio\build\bluepill_f103c8\libFrameworkLibOpenCM3.a(vector.o)
                0x0800021c                reset_handler
                0x080002b0                . = ALIGN (0x4)
 *(.rodata*)
                0x080002b0                . = ALIGN (0x4)

.glue_7         0x080002b0        0x0
 .glue_7        0x080002b0        0x0 linker stubs

.glue_7t        0x080002b0        0x0
 .glue_7t       0x080002b0        0x0 linker stubs

.vfp11_veneer   0x080002b0        0x0
 .vfp11_veneer  0x080002b0        0x0 linker stubs

.v4_bx          0x080002b0        0x0
 .v4_bx         0x080002b0        0x0 linker stubs

.iplt           0x080002b0        0x0
 .iplt          0x080002b0        0x0 .pio\build\bluepill_f103c8\src\main.o

.rel.dyn        0x080002b0        0x0
 .rel.iplt      0x080002b0        0x0 .pio\build\bluepill_f103c8\src\main.o

.preinit_array  0x080002b0        0x0
                0x080002b0                . = ALIGN (0x4)
                0x080002b0                __preinit_array_start = .
 *(.preinit_array)
                0x080002b0                __preinit_array_end = .

.init_array     0x080002b0        0x0
                0x080002b0                . = ALIGN (0x4)
                0x080002b0                __init_array_start = .
 *(SORT_BY_NAME(.init_array.*))
 *(.init_array)
                0x080002b0                __init_array_end = .

.fini_array     0x080002b0        0x0
                0x080002b0                . = ALIGN (0x4)
                0x080002b0                __fini_array_start = .
 *(.fini_array)
 *(SORT_BY_NAME(.fini_array.*))
                0x080002b0                __fini_array_end = .

.ARM.extab
 *(.ARM.extab*)

.ARM.exidx      0x080002b0        0x0
                0x080002b0                __exidx_start = .
 *(.ARM.exidx*)
                0x080002b0                __exidx_end = .
                0x080002b0                . = ALIGN (0x4)
                0x080002b0                _etext = .

.noinit
 *(.noinit*)
                0x080002b0                . = ALIGN (0x4)

.data           0x20000000        0x0 load address 0x080002b0
                0x20000000                _data = .
 *(.data*)
 *(.ramtext*)
                0x20000000                . = ALIGN (0x4)
                0x20000000                _edata = .
                0x080002b0                _data_loadaddr = LOADADDR (.data)

.igot.plt       0x20000000        0x0 load address 0x080002b0
 .igot.plt      0x20000000        0x0 .pio\build\bluepill_f103c8\src\main.o

.bss            0x20000000        0x0 load address 0x080002b0
 *(.bss*)
 *(COMMON)
                0x20000000                . = ALIGN (0x4)
                0x20000000                _ebss = .

/DISCARD/
 *(.eh_frame)
                0x20000000                . = ALIGN (0x4)
                0x20000000                end = .
                0x20005000                PROVIDE (_stack, (ORIGIN (ram) + LENGTH (ram)))
OUTPUT(.pio\build\bluepill_f103c8\firmware.elf elf32-littlearm)

.debug_info     0x00000000     0x124f
 .debug_info    0x00000000      0x43f .pio\build\bluepill_f103c8\src\main.o
 .debug_info    0x0000043f      0x1d7 .pio\build\bluepill_f103c8\libFrameworkLibOpenCM3.a(gpio.o)
 .debug_info    0x00000616      0x228 .pio\build\bluepill_f103c8\libFrameworkLibOpenCM3.a(gpio_common_all.o)
 .debug_info    0x0000083e      0x76d .pio\build\bluepill_f103c8\libFrameworkLibOpenCM3.a(rcc_common_all.o)
 .debug_info    0x00000fab      0x2a4 .pio\build\bluepill_f103c8\libFrameworkLibOpenCM3.a(vector.o)

.debug_abbrev   0x00000000      0x58d
 .debug_abbrev  0x00000000      0x12c .pio\build\bluepill_f103c8\src\main.o
 .debug_abbrev  0x0000012c       0xb4 .pio\build\bluepill_f103c8\libFrameworkLibOpenCM3.a(gpio.o)
 .debug_abbrev  0x000001e0       0xf1 .pio\build\bluepill_f103c8\libFrameworkLibOpenCM3.a(gpio_common_all.o)
 .debug_abbrev  0x000002d1      0x198 .pio\build\bluepill_f103c8\libFrameworkLibOpenCM3.a(rcc_common_all.o)
 .debug_abbrev  0x00000469      0x124 .pio\build\bluepill_f103c8\libFrameworkLibOpenCM3.a(vector.o)

.debug_loc      0x00000000      0x79a
 .debug_loc     0x00000000       0x4d .pio\build\bluepill_f103c8\src\main.o
 .debug_loc     0x0000004d      0x48a .pio\build\bluepill_f103c8\libFrameworkLibOpenCM3.a(gpio.o)
 .debug_loc     0x000004d7       0x97 .pio\build\bluepill_f103c8\libFrameworkLibOpenCM3.a(gpio_common_all.o)
 .debug_loc     0x0000056e      0x142 .pio\build\bluepill_f103c8\libFrameworkLibOpenCM3.a(rcc_common_all.o)
 .debug_loc     0x000006b0       0xea .pio\build\bluepill_f103c8\libFrameworkLibOpenCM3.a(vector.o)

.debug_aranges  0x00000000      0x148
 .debug_aranges
                0x00000000       0x20 .pio\build\bluepill_f103c8\src\main.o
 .debug_aranges
                0x00000020       0x38 .pio\build\bluepill_f103c8\libFrameworkLibOpenCM3.a(gpio.o)
 .debug_aranges
                0x00000058       0x50 .pio\build\bluepill_f103c8\libFrameworkLibOpenCM3.a(gpio_common_all.o)
 .debug_aranges
                0x000000a8       0x70 .pio\build\bluepill_f103c8\libFrameworkLibOpenCM3.a(rcc_common_all.o)
 .debug_aranges
                0x00000118       0x30 .pio\build\bluepill_f103c8\libFrameworkLibOpenCM3.a(vector.o)

.debug_ranges   0x00000000       0xf8
 .debug_ranges  0x00000000       0x10 .pio\build\bluepill_f103c8\src\main.o
 .debug_ranges  0x00000010       0x28 .pio\build\bluepill_f103c8\libFrameworkLibOpenCM3.a(gpio.o)
 .debug_ranges  0x00000038       0x40 .pio\build\bluepill_f103c8\libFrameworkLibOpenCM3.a(gpio_common_all.o)
 .debug_ranges  0x00000078       0x60 .pio\build\bluepill_f103c8\libFrameworkLibOpenCM3.a(rcc_common_all.o)
 .debug_ranges  0x000000d8       0x20 .pio\build\bluepill_f103c8\libFrameworkLibOpenCM3.a(vector.o)

.debug_line     0x00000000      0xa64
 .debug_line    0x00000000      0x209 .pio\build\bluepill_f103c8\src\main.o
 .debug_line    0x00000209      0x1a3 .pio\build\bluepill_f103c8\libFrameworkLibOpenCM3.a(gpio.o)
 .debug_line    0x000003ac      0x1d4 .pio\build\bluepill_f103c8\libFrameworkLibOpenCM3.a(gpio_common_all.o)
 .debug_line    0x00000580      0x280 .pio\build\bluepill_f103c8\libFrameworkLibOpenCM3.a(rcc_common_all.o)
 .debug_line    0x00000800      0x264 .pio\build\bluepill_f103c8\libFrameworkLibOpenCM3.a(vector.o)

.debug_str      0x00000000      0xba4
 .debug_str     0x00000000      0x49e .pio\build\bluepill_f103c8\src\main.o
                                0x519 (size before relaxing)
 .debug_str     0x0000049e       0xd1 .pio\build\bluepill_f103c8\libFrameworkLibOpenCM3.a(gpio.o)
                                0x27b (size before relaxing)
 .debug_str     0x0000056f       0xb4 .pio\build\bluepill_f103c8\libFrameworkLibOpenCM3.a(gpio_common_all.o)
                                0x269 (size before relaxing)
 .debug_str     0x00000623      0x39f .pio\build\bluepill_f103c8\libFrameworkLibOpenCM3.a(rcc_common_all.o)
                                0x8af (size before relaxing)
 .debug_str     0x000009c2      0x1e2 .pio\build\bluepill_f103c8\libFrameworkLibOpenCM3.a(vector.o)
                                0x369 (size before relaxing)

.comment        0x00000000       0x7e
 .comment       0x00000000       0x7e .pio\build\bluepill_f103c8\src\main.o
                                 0x7f (size before relaxing)
 .comment       0x0000007e       0x7f .pio\build\bluepill_f103c8\libFrameworkLibOpenCM3.a(gpio.o)
 .comment       0x0000007e       0x7f .pio\build\bluepill_f103c8\libFrameworkLibOpenCM3.a(gpio_common_all.o)
 .comment       0x0000007e       0x7f .pio\build\bluepill_f103c8\libFrameworkLibOpenCM3.a(rcc_common_all.o)
 .comment       0x0000007e       0x7f .pio\build\bluepill_f103c8\libFrameworkLibOpenCM3.a(vector.o)

.ARM.attributes
                0x00000000       0x33
 .ARM.attributes
                0x00000000       0x33 .pio\build\bluepill_f103c8\src\main.o
 .ARM.attributes
                0x00000033       0x33 .pio\build\bluepill_f103c8\libFrameworkLibOpenCM3.a(gpio.o)
 .ARM.attributes
                0x00000066       0x33 .pio\build\bluepill_f103c8\libFrameworkLibOpenCM3.a(gpio_common_all.o)
 .ARM.attributes
                0x00000099       0x33 .pio\build\bluepill_f103c8\libFrameworkLibOpenCM3.a(rcc_common_all.o)
 .ARM.attributes
                0x000000cc       0x33 .pio\build\bluepill_f103c8\libFrameworkLibOpenCM3.a(vector.o)

.debug_frame    0x00000000      0x238
 .debug_frame   0x00000000       0x28 .pio\build\bluepill_f103c8\src\main.o
 .debug_frame   0x00000028       0x64 .pio\build\bluepill_f103c8\libFrameworkLibOpenCM3.a(gpio.o)
 .debug_frame   0x0000008c       0x80 .pio\build\bluepill_f103c8\libFrameworkLibOpenCM3.a(gpio_common_all.o)
 .debug_frame   0x0000010c       0xe0 .pio\build\bluepill_f103c8\libFrameworkLibOpenCM3.a(rcc_common_all.o)
 .debug_frame   0x000001ec       0x4c .pio\build\bluepill_f103c8\libFrameworkLibOpenCM3.a(vector.o)
